Archive member included to satisfy reference by file (symbol)

/Applications/ArmGNUToolchain/12.2.mpacbti-rel1/arm-none-eabi/bin/../lib/gcc/arm-none-eabi/12.2.1/../../../../arm-none-eabi/lib/thumb/v7e-m+fp/hard/libc_nano.a(libc_a-memset.o)
                              /var/folders/fk/8fd8f44x551816w6g3wkdr5w0000gn/T//cc4govN0.o (memset)
/Applications/ArmGNUToolchain/12.2.mpacbti-rel1/arm-none-eabi/bin/../lib/gcc/arm-none-eabi/12.2.1/../../../../arm-none-eabi/lib/thumb/v7e-m+fp/hard/libc_nano.a(libc_a-memcpy-stub.o)
                              /var/folders/fk/8fd8f44x551816w6g3wkdr5w0000gn/T//cc4govN0.o (memcpy)

Discarded input sections

 .group         0x00000000        0xc /var/folders/fk/8fd8f44x551816w6g3wkdr5w0000gn/T//cc6AeMLn.o
 .group         0x00000000        0xc /var/folders/fk/8fd8f44x551816w6g3wkdr5w0000gn/T//cc6AeMLn.o
 .group         0x00000000        0xc /var/folders/fk/8fd8f44x551816w6g3wkdr5w0000gn/T//cc6AeMLn.o
 .group         0x00000000        0xc /var/folders/fk/8fd8f44x551816w6g3wkdr5w0000gn/T//cc6AeMLn.o
 .group         0x00000000        0xc /var/folders/fk/8fd8f44x551816w6g3wkdr5w0000gn/T//cc6AeMLn.o
 .group         0x00000000        0xc /var/folders/fk/8fd8f44x551816w6g3wkdr5w0000gn/T//cc6AeMLn.o
 .group         0x00000000        0xc /var/folders/fk/8fd8f44x551816w6g3wkdr5w0000gn/T//cc6AeMLn.o
 .group         0x00000000        0xc /var/folders/fk/8fd8f44x551816w6g3wkdr5w0000gn/T//cc6AeMLn.o
 .group         0x00000000        0xc /var/folders/fk/8fd8f44x551816w6g3wkdr5w0000gn/T//cc6AeMLn.o
 .group         0x00000000        0xc /var/folders/fk/8fd8f44x551816w6g3wkdr5w0000gn/T//cc6AeMLn.o
 .group         0x00000000        0xc /var/folders/fk/8fd8f44x551816w6g3wkdr5w0000gn/T//cc6AeMLn.o
 .group         0x00000000        0xc /var/folders/fk/8fd8f44x551816w6g3wkdr5w0000gn/T//cc6AeMLn.o
 .group         0x00000000        0xc /var/folders/fk/8fd8f44x551816w6g3wkdr5w0000gn/T//cc6AeMLn.o
 .group         0x00000000        0xc /var/folders/fk/8fd8f44x551816w6g3wkdr5w0000gn/T//cc6AeMLn.o
 .group         0x00000000        0xc /var/folders/fk/8fd8f44x551816w6g3wkdr5w0000gn/T//cc6AeMLn.o
 .group         0x00000000        0xc /var/folders/fk/8fd8f44x551816w6g3wkdr5w0000gn/T//cc6AeMLn.o
 .group         0x00000000        0xc /var/folders/fk/8fd8f44x551816w6g3wkdr5w0000gn/T//cc6AeMLn.o
 .group         0x00000000        0xc /var/folders/fk/8fd8f44x551816w6g3wkdr5w0000gn/T//cc6AeMLn.o
 .group         0x00000000        0xc /var/folders/fk/8fd8f44x551816w6g3wkdr5w0000gn/T//cc6AeMLn.o
 .group         0x00000000        0xc /var/folders/fk/8fd8f44x551816w6g3wkdr5w0000gn/T//cc6AeMLn.o
 .group         0x00000000        0xc /var/folders/fk/8fd8f44x551816w6g3wkdr5w0000gn/T//cc6AeMLn.o
 .group         0x00000000        0xc /var/folders/fk/8fd8f44x551816w6g3wkdr5w0000gn/T//cc6AeMLn.o
 .group         0x00000000        0xc /var/folders/fk/8fd8f44x551816w6g3wkdr5w0000gn/T//cc6AeMLn.o
 .group         0x00000000        0xc /var/folders/fk/8fd8f44x551816w6g3wkdr5w0000gn/T//cc6AeMLn.o
 .group         0x00000000        0xc /var/folders/fk/8fd8f44x551816w6g3wkdr5w0000gn/T//cc6AeMLn.o
 .group         0x00000000        0xc /var/folders/fk/8fd8f44x551816w6g3wkdr5w0000gn/T//cc6AeMLn.o
 .group         0x00000000        0xc /var/folders/fk/8fd8f44x551816w6g3wkdr5w0000gn/T//cc6AeMLn.o
 .group         0x00000000        0xc /var/folders/fk/8fd8f44x551816w6g3wkdr5w0000gn/T//cc6AeMLn.o
 .group         0x00000000        0xc /var/folders/fk/8fd8f44x551816w6g3wkdr5w0000gn/T//cc6AeMLn.o
 .group         0x00000000        0xc /var/folders/fk/8fd8f44x551816w6g3wkdr5w0000gn/T//cc6AeMLn.o
 .group         0x00000000        0xc /var/folders/fk/8fd8f44x551816w6g3wkdr5w0000gn/T//cc6AeMLn.o
 .group         0x00000000        0xc /var/folders/fk/8fd8f44x551816w6g3wkdr5w0000gn/T//cc6AeMLn.o
 .group         0x00000000        0xc /var/folders/fk/8fd8f44x551816w6g3wkdr5w0000gn/T//cc6AeMLn.o
 .group         0x00000000        0xc /var/folders/fk/8fd8f44x551816w6g3wkdr5w0000gn/T//cc6AeMLn.o
 .group         0x00000000        0xc /var/folders/fk/8fd8f44x551816w6g3wkdr5w0000gn/T//cc6AeMLn.o
 .group         0x00000000        0xc /var/folders/fk/8fd8f44x551816w6g3wkdr5w0000gn/T//cc6AeMLn.o
 .group         0x00000000        0xc /var/folders/fk/8fd8f44x551816w6g3wkdr5w0000gn/T//cc6AeMLn.o
 .group         0x00000000        0xc /var/folders/fk/8fd8f44x551816w6g3wkdr5w0000gn/T//cc6AeMLn.o
 .group         0x00000000        0xc /var/folders/fk/8fd8f44x551816w6g3wkdr5w0000gn/T//cc6AeMLn.o
 .group         0x00000000        0xc /var/folders/fk/8fd8f44x551816w6g3wkdr5w0000gn/T//cc6AeMLn.o
 .group         0x00000000        0xc /var/folders/fk/8fd8f44x551816w6g3wkdr5w0000gn/T//cc6AeMLn.o
 .group         0x00000000        0xc /var/folders/fk/8fd8f44x551816w6g3wkdr5w0000gn/T//cc6AeMLn.o
 .group         0x00000000        0xc /var/folders/fk/8fd8f44x551816w6g3wkdr5w0000gn/T//cc6AeMLn.o
 .group         0x00000000        0xc /var/folders/fk/8fd8f44x551816w6g3wkdr5w0000gn/T//cc6AeMLn.o
 .group         0x00000000        0xc /var/folders/fk/8fd8f44x551816w6g3wkdr5w0000gn/T//cc6AeMLn.o
 .group         0x00000000        0xc /var/folders/fk/8fd8f44x551816w6g3wkdr5w0000gn/T//cc6AeMLn.o
 .group         0x00000000        0xc /var/folders/fk/8fd8f44x551816w6g3wkdr5w0000gn/T//cc6AeMLn.o
 .group         0x00000000        0xc /var/folders/fk/8fd8f44x551816w6g3wkdr5w0000gn/T//cc6AeMLn.o
 .group         0x00000000        0xc /var/folders/fk/8fd8f44x551816w6g3wkdr5w0000gn/T//cc6AeMLn.o
 .group         0x00000000        0xc /var/folders/fk/8fd8f44x551816w6g3wkdr5w0000gn/T//cc6AeMLn.o
 .group         0x00000000        0xc /var/folders/fk/8fd8f44x551816w6g3wkdr5w0000gn/T//cc6AeMLn.o
 .group         0x00000000        0xc /var/folders/fk/8fd8f44x551816w6g3wkdr5w0000gn/T//cc6AeMLn.o
 .group         0x00000000        0xc /var/folders/fk/8fd8f44x551816w6g3wkdr5w0000gn/T//cc6AeMLn.o
 .group         0x00000000        0xc /var/folders/fk/8fd8f44x551816w6g3wkdr5w0000gn/T//cc6AeMLn.o
 .group         0x00000000        0xc /var/folders/fk/8fd8f44x551816w6g3wkdr5w0000gn/T//cc6AeMLn.o
 .group         0x00000000        0xc /var/folders/fk/8fd8f44x551816w6g3wkdr5w0000gn/T//cc6AeMLn.o
 .group         0x00000000        0xc /var/folders/fk/8fd8f44x551816w6g3wkdr5w0000gn/T//cc6AeMLn.o
 .group         0x00000000        0xc /var/folders/fk/8fd8f44x551816w6g3wkdr5w0000gn/T//cc6AeMLn.o
 .text          0x00000000        0x0 /var/folders/fk/8fd8f44x551816w6g3wkdr5w0000gn/T//cc6AeMLn.o
 .data          0x00000000        0x0 /var/folders/fk/8fd8f44x551816w6g3wkdr5w0000gn/T//cc6AeMLn.o
 .bss           0x00000000        0x0 /var/folders/fk/8fd8f44x551816w6g3wkdr5w0000gn/T//cc6AeMLn.o
 .group         0x00000000        0xc /var/folders/fk/8fd8f44x551816w6g3wkdr5w0000gn/T//cc4govN0.o
 .text          0x00000000        0x0 /var/folders/fk/8fd8f44x551816w6g3wkdr5w0000gn/T//cc4govN0.o
 .data          0x00000000        0x0 /var/folders/fk/8fd8f44x551816w6g3wkdr5w0000gn/T//cc4govN0.o
 .bss           0x00000000        0x0 /var/folders/fk/8fd8f44x551816w6g3wkdr5w0000gn/T//cc4govN0.o
 .debug_macro   0x00000000      0xac0 /var/folders/fk/8fd8f44x551816w6g3wkdr5w0000gn/T//cc4govN0.o
 .group         0x00000000        0xc /var/folders/fk/8fd8f44x551816w6g3wkdr5w0000gn/T//cc5sOjMF.o
 .text          0x00000000        0x0 /var/folders/fk/8fd8f44x551816w6g3wkdr5w0000gn/T//cc5sOjMF.o
 .data          0x00000000        0x0 /var/folders/fk/8fd8f44x551816w6g3wkdr5w0000gn/T//cc5sOjMF.o
 .bss           0x00000000        0x0 /var/folders/fk/8fd8f44x551816w6g3wkdr5w0000gn/T//cc5sOjMF.o
 .debug_info    0x00000000       0x22 /var/folders/fk/8fd8f44x551816w6g3wkdr5w0000gn/T//cc5sOjMF.o
 .debug_abbrev  0x00000000       0x12 /var/folders/fk/8fd8f44x551816w6g3wkdr5w0000gn/T//cc5sOjMF.o
 .debug_aranges
                0x00000000       0x18 /var/folders/fk/8fd8f44x551816w6g3wkdr5w0000gn/T//cc5sOjMF.o
 .debug_macro   0x00000000       0x11 /var/folders/fk/8fd8f44x551816w6g3wkdr5w0000gn/T//cc5sOjMF.o
 .debug_macro   0x00000000      0xac0 /var/folders/fk/8fd8f44x551816w6g3wkdr5w0000gn/T//cc5sOjMF.o
 .debug_line    0x00000000       0x2b /var/folders/fk/8fd8f44x551816w6g3wkdr5w0000gn/T//cc5sOjMF.o
 .debug_str     0x00000000     0x2df2 /var/folders/fk/8fd8f44x551816w6g3wkdr5w0000gn/T//cc5sOjMF.o
 .comment       0x00000000       0x56 /var/folders/fk/8fd8f44x551816w6g3wkdr5w0000gn/T//cc5sOjMF.o
 .ARM.attributes
                0x00000000       0x34 /var/folders/fk/8fd8f44x551816w6g3wkdr5w0000gn/T//cc5sOjMF.o
 .text          0x00000000        0x0 /Applications/ArmGNUToolchain/12.2.mpacbti-rel1/arm-none-eabi/bin/../lib/gcc/arm-none-eabi/12.2.1/../../../../arm-none-eabi/lib/thumb/v7e-m+fp/hard/libc_nano.a(libc_a-memset.o)
 .data          0x00000000        0x0 /Applications/ArmGNUToolchain/12.2.mpacbti-rel1/arm-none-eabi/bin/../lib/gcc/arm-none-eabi/12.2.1/../../../../arm-none-eabi/lib/thumb/v7e-m+fp/hard/libc_nano.a(libc_a-memset.o)
 .bss           0x00000000        0x0 /Applications/ArmGNUToolchain/12.2.mpacbti-rel1/arm-none-eabi/bin/../lib/gcc/arm-none-eabi/12.2.1/../../../../arm-none-eabi/lib/thumb/v7e-m+fp/hard/libc_nano.a(libc_a-memset.o)
 .text          0x00000000        0x0 /Applications/ArmGNUToolchain/12.2.mpacbti-rel1/arm-none-eabi/bin/../lib/gcc/arm-none-eabi/12.2.1/../../../../arm-none-eabi/lib/thumb/v7e-m+fp/hard/libc_nano.a(libc_a-memcpy-stub.o)
 .data          0x00000000        0x0 /Applications/ArmGNUToolchain/12.2.mpacbti-rel1/arm-none-eabi/bin/../lib/gcc/arm-none-eabi/12.2.1/../../../../arm-none-eabi/lib/thumb/v7e-m+fp/hard/libc_nano.a(libc_a-memcpy-stub.o)
 .bss           0x00000000        0x0 /Applications/ArmGNUToolchain/12.2.mpacbti-rel1/arm-none-eabi/bin/../lib/gcc/arm-none-eabi/12.2.1/../../../../arm-none-eabi/lib/thumb/v7e-m+fp/hard/libc_nano.a(libc_a-memcpy-stub.o)

Memory Configuration

Name             Origin             Length             Attributes
flash            0x08000000         0x00040000         xr
sram             0x20000000         0x0000a000         xrw
*default*        0x00000000         0xffffffff

Linker script and memory map

LOAD /var/folders/fk/8fd8f44x551816w6g3wkdr5w0000gn/T//cc6AeMLn.o
LOAD /var/folders/fk/8fd8f44x551816w6g3wkdr5w0000gn/T//cc4govN0.o
LOAD /var/folders/fk/8fd8f44x551816w6g3wkdr5w0000gn/T//cc5sOjMF.o
LOAD /Applications/ArmGNUToolchain/12.2.mpacbti-rel1/arm-none-eabi/bin/../lib/gcc/arm-none-eabi/12.2.1/../../../../arm-none-eabi/lib/thumb/v7e-m+fp/hard/libc_nano.a
LOAD /Applications/ArmGNUToolchain/12.2.mpacbti-rel1/arm-none-eabi/bin/../lib/gcc/arm-none-eabi/12.2.1/thumb/v7e-m+fp/hard/libgcc.a
                0x2000a000                        _estack = (ORIGIN (sram) + LENGTH (sram))

.vectors        0x08000000      0x188
 *(.vectors)
 .vectors       0x08000000      0x188 /var/folders/fk/8fd8f44x551816w6g3wkdr5w0000gn/T//cc4govN0.o
                0x08000000                tab

.text           0x08000188       0xc8
 *(.text*)
 .text.startup.main
                0x08000188       0x4c /var/folders/fk/8fd8f44x551816w6g3wkdr5w0000gn/T//cc6AeMLn.o
                0x08000188                main
 .text._reset   0x080001d4       0x50 /var/folders/fk/8fd8f44x551816w6g3wkdr5w0000gn/T//cc4govN0.o
                0x080001d4                _reset
 .text.memset   0x08000224       0x10 /Applications/ArmGNUToolchain/12.2.mpacbti-rel1/arm-none-eabi/bin/../lib/gcc/arm-none-eabi/12.2.1/../../../../arm-none-eabi/lib/thumb/v7e-m+fp/hard/libc_nano.a(libc_a-memset.o)
                0x08000224                memset
 .text.memcpy   0x08000234       0x1c /Applications/ArmGNUToolchain/12.2.mpacbti-rel1/arm-none-eabi/bin/../lib/gcc/arm-none-eabi/12.2.1/../../../../arm-none-eabi/lib/thumb/v7e-m+fp/hard/libc_nano.a(libc_a-memcpy-stub.o)
                0x08000234                memcpy

.glue_7         0x08000250        0x0
 .glue_7        0x08000250        0x0 linker stubs

.glue_7t        0x08000250        0x0
 .glue_7t       0x08000250        0x0 linker stubs

.vfp11_veneer   0x08000250        0x0
 .vfp11_veneer  0x08000250        0x0 linker stubs

.v4_bx          0x08000250        0x0
 .v4_bx         0x08000250        0x0 linker stubs

.iplt           0x08000250        0x0
 .iplt          0x08000250        0x0 /var/folders/fk/8fd8f44x551816w6g3wkdr5w0000gn/T//cc4govN0.o

.rel.dyn        0x08000250        0x0
 .rel.iplt      0x08000250        0x0 /var/folders/fk/8fd8f44x551816w6g3wkdr5w0000gn/T//cc4govN0.o

.rodata
 *(.rodata*)

.data           0x20000000        0x0 load address 0x08000250
                0x20000000                        _sdata = .
 *(.first_data)
 *(.data SORT_BY_NAME(.data.*))
                0x20000000                        _edata = .
                0x08000250                        _sidata = LOADADDR (.data)

.igot.plt       0x20000000        0x0 load address 0x08000250
 .igot.plt      0x20000000        0x0 /var/folders/fk/8fd8f44x551816w6g3wkdr5w0000gn/T//cc4govN0.o

.bss            0x20000000        0x0 load address 0x08000250
                0x20000000                        _sbss = .
 *(.bss SORT_BY_NAME(.bss.*) COMMON)
                0x20000000                        _ebss = .
                0x20000000                        . = ALIGN (0x8)
                0x20000000                        _end = .
OUTPUT(firmware.elf elf32-littlearm)
LOAD linker stubs

.debug_info     0x00000000      0x514
 .debug_info    0x00000000      0x3e2 /var/folders/fk/8fd8f44x551816w6g3wkdr5w0000gn/T//cc6AeMLn.o
 .debug_info    0x000003e2      0x132 /var/folders/fk/8fd8f44x551816w6g3wkdr5w0000gn/T//cc4govN0.o

.debug_abbrev   0x00000000      0x274
 .debug_abbrev  0x00000000      0x18c /var/folders/fk/8fd8f44x551816w6g3wkdr5w0000gn/T//cc6AeMLn.o
 .debug_abbrev  0x0000018c       0xe8 /var/folders/fk/8fd8f44x551816w6g3wkdr5w0000gn/T//cc4govN0.o

.debug_loclists
                0x00000000       0x94
 .debug_loclists
                0x00000000       0x94 /var/folders/fk/8fd8f44x551816w6g3wkdr5w0000gn/T//cc6AeMLn.o

.debug_aranges  0x00000000       0x40
 .debug_aranges
                0x00000000       0x20 /var/folders/fk/8fd8f44x551816w6g3wkdr5w0000gn/T//cc6AeMLn.o
 .debug_aranges
                0x00000020       0x20 /var/folders/fk/8fd8f44x551816w6g3wkdr5w0000gn/T//cc4govN0.o

.debug_rnglists
                0x00000000       0x3e
 .debug_rnglists
                0x00000000       0x2b /var/folders/fk/8fd8f44x551816w6g3wkdr5w0000gn/T//cc6AeMLn.o
 .debug_rnglists
                0x0000002b       0x13 /var/folders/fk/8fd8f44x551816w6g3wkdr5w0000gn/T//cc4govN0.o

.debug_macro    0x00000000    0x16364
 .debug_macro   0x00000000      0x2c1 /var/folders/fk/8fd8f44x551816w6g3wkdr5w0000gn/T//cc6AeMLn.o
 .debug_macro   0x000002c1      0xac0 /var/folders/fk/8fd8f44x551816w6g3wkdr5w0000gn/T//cc6AeMLn.o
 .debug_macro   0x00000d81       0x22 /var/folders/fk/8fd8f44x551816w6g3wkdr5w0000gn/T//cc6AeMLn.o
 .debug_macro   0x00000da3       0x5b /var/folders/fk/8fd8f44x551816w6g3wkdr5w0000gn/T//cc6AeMLn.o
 .debug_macro   0x00000dfe       0x2a /var/folders/fk/8fd8f44x551816w6g3wkdr5w0000gn/T//cc6AeMLn.o
 .debug_macro   0x00000e28       0x94 /var/folders/fk/8fd8f44x551816w6g3wkdr5w0000gn/T//cc6AeMLn.o
 .debug_macro   0x00000ebc       0x43 /var/folders/fk/8fd8f44x551816w6g3wkdr5w0000gn/T//cc6AeMLn.o
 .debug_macro   0x00000eff      0x103 /var/folders/fk/8fd8f44x551816w6g3wkdr5w0000gn/T//cc6AeMLn.o
 .debug_macro   0x00001002       0x3a /var/folders/fk/8fd8f44x551816w6g3wkdr5w0000gn/T//cc6AeMLn.o
 .debug_macro   0x0000103c       0x57 /var/folders/fk/8fd8f44x551816w6g3wkdr5w0000gn/T//cc6AeMLn.o
 .debug_macro   0x00001093       0x6a /var/folders/fk/8fd8f44x551816w6g3wkdr5w0000gn/T//cc6AeMLn.o
 .debug_macro   0x000010fd      0x1df /var/folders/fk/8fd8f44x551816w6g3wkdr5w0000gn/T//cc6AeMLn.o
 .debug_macro   0x000012dc       0x89 /var/folders/fk/8fd8f44x551816w6g3wkdr5w0000gn/T//cc6AeMLn.o
 .debug_macro   0x00001365      0x460 /var/folders/fk/8fd8f44x551816w6g3wkdr5w0000gn/T//cc6AeMLn.o
 .debug_macro   0x000017c5       0x22 /var/folders/fk/8fd8f44x551816w6g3wkdr5w0000gn/T//cc6AeMLn.o
 .debug_macro   0x000017e7       0x1c /var/folders/fk/8fd8f44x551816w6g3wkdr5w0000gn/T//cc6AeMLn.o
 .debug_macro   0x00001803       0x9e /var/folders/fk/8fd8f44x551816w6g3wkdr5w0000gn/T//cc6AeMLn.o
 .debug_macro   0x000018a1      0x369 /var/folders/fk/8fd8f44x551816w6g3wkdr5w0000gn/T//cc6AeMLn.o
 .debug_macro   0x00001c0a       0x94 /var/folders/fk/8fd8f44x551816w6g3wkdr5w0000gn/T//cc6AeMLn.o
 .debug_macro   0x00001c9e       0x10 /var/folders/fk/8fd8f44x551816w6g3wkdr5w0000gn/T//cc6AeMLn.o
 .debug_macro   0x00001cae       0x16 /var/folders/fk/8fd8f44x551816w6g3wkdr5w0000gn/T//cc6AeMLn.o
 .debug_macro   0x00001cc4       0x43 /var/folders/fk/8fd8f44x551816w6g3wkdr5w0000gn/T//cc6AeMLn.o
 .debug_macro   0x00001d07       0x34 /var/folders/fk/8fd8f44x551816w6g3wkdr5w0000gn/T//cc6AeMLn.o
 .debug_macro   0x00001d3b       0x10 /var/folders/fk/8fd8f44x551816w6g3wkdr5w0000gn/T//cc6AeMLn.o
 .debug_macro   0x00001d4b       0x58 /var/folders/fk/8fd8f44x551816w6g3wkdr5w0000gn/T//cc6AeMLn.o
 .debug_macro   0x00001da3       0x8e /var/folders/fk/8fd8f44x551816w6g3wkdr5w0000gn/T//cc6AeMLn.o
 .debug_macro   0x00001e31       0x1c /var/folders/fk/8fd8f44x551816w6g3wkdr5w0000gn/T//cc6AeMLn.o
 .debug_macro   0x00001e4d      0x177 /var/folders/fk/8fd8f44x551816w6g3wkdr5w0000gn/T//cc6AeMLn.o
 .debug_macro   0x00001fc4       0x16 /var/folders/fk/8fd8f44x551816w6g3wkdr5w0000gn/T//cc6AeMLn.o
 .debug_macro   0x00001fda       0x16 /var/folders/fk/8fd8f44x551816w6g3wkdr5w0000gn/T//cc6AeMLn.o
 .debug_macro   0x00001ff0      0x146 /var/folders/fk/8fd8f44x551816w6g3wkdr5w0000gn/T//cc6AeMLn.o
 .debug_macro   0x00002136       0x16 /var/folders/fk/8fd8f44x551816w6g3wkdr5w0000gn/T//cc6AeMLn.o
 .debug_macro   0x0000214c       0x35 /var/folders/fk/8fd8f44x551816w6g3wkdr5w0000gn/T//cc6AeMLn.o
 .debug_macro   0x00002181       0x16 /var/folders/fk/8fd8f44x551816w6g3wkdr5w0000gn/T//cc6AeMLn.o
 .debug_macro   0x00002197       0x29 /var/folders/fk/8fd8f44x551816w6g3wkdr5w0000gn/T//cc6AeMLn.o
 .debug_macro   0x000021c0       0x16 /var/folders/fk/8fd8f44x551816w6g3wkdr5w0000gn/T//cc6AeMLn.o
 .debug_macro   0x000021d6       0x10 /var/folders/fk/8fd8f44x551816w6g3wkdr5w0000gn/T//cc6AeMLn.o
 .debug_macro   0x000021e6       0x10 /var/folders/fk/8fd8f44x551816w6g3wkdr5w0000gn/T//cc6AeMLn.o
 .debug_macro   0x000021f6       0x10 /var/folders/fk/8fd8f44x551816w6g3wkdr5w0000gn/T//cc6AeMLn.o
 .debug_macro   0x00002206       0x1c /var/folders/fk/8fd8f44x551816w6g3wkdr5w0000gn/T//cc6AeMLn.o
 .debug_macro   0x00002222       0x52 /var/folders/fk/8fd8f44x551816w6g3wkdr5w0000gn/T//cc6AeMLn.o
 .debug_macro   0x00002274       0x22 /var/folders/fk/8fd8f44x551816w6g3wkdr5w0000gn/T//cc6AeMLn.o
 .debug_macro   0x00002296       0x10 /var/folders/fk/8fd8f44x551816w6g3wkdr5w0000gn/T//cc6AeMLn.o
 .debug_macro   0x000022a6       0x52 /var/folders/fk/8fd8f44x551816w6g3wkdr5w0000gn/T//cc6AeMLn.o
 .debug_macro   0x000022f8       0xc1 /var/folders/fk/8fd8f44x551816w6g3wkdr5w0000gn/T//cc6AeMLn.o
 .debug_macro   0x000023b9       0x1c /var/folders/fk/8fd8f44x551816w6g3wkdr5w0000gn/T//cc6AeMLn.o
 .debug_macro   0x000023d5       0x3d /var/folders/fk/8fd8f44x551816w6g3wkdr5w0000gn/T//cc6AeMLn.o
 .debug_macro   0x00002412       0x35 /var/folders/fk/8fd8f44x551816w6g3wkdr5w0000gn/T//cc6AeMLn.o
 .debug_macro   0x00002447      0x12c /var/folders/fk/8fd8f44x551816w6g3wkdr5w0000gn/T//cc6AeMLn.o
 .debug_macro   0x00002573       0x34 /var/folders/fk/8fd8f44x551816w6g3wkdr5w0000gn/T//cc6AeMLn.o
 .debug_macro   0x000025a7       0x28 /var/folders/fk/8fd8f44x551816w6g3wkdr5w0000gn/T//cc6AeMLn.o
 .debug_macro   0x000025cf       0x1c /var/folders/fk/8fd8f44x551816w6g3wkdr5w0000gn/T//cc6AeMLn.o
 .debug_macro   0x000025eb       0x22 /var/folders/fk/8fd8f44x551816w6g3wkdr5w0000gn/T//cc6AeMLn.o
 .debug_macro   0x0000260d      0x107 /var/folders/fk/8fd8f44x551816w6g3wkdr5w0000gn/T//cc6AeMLn.o
 .debug_macro   0x00002714     0x1057 /var/folders/fk/8fd8f44x551816w6g3wkdr5w0000gn/T//cc6AeMLn.o
 .debug_macro   0x0000376b      0x11f /var/folders/fk/8fd8f44x551816w6g3wkdr5w0000gn/T//cc6AeMLn.o
 .debug_macro   0x0000388a    0x12a3a /var/folders/fk/8fd8f44x551816w6g3wkdr5w0000gn/T//cc6AeMLn.o
 .debug_macro   0x000162c4       0x6d /var/folders/fk/8fd8f44x551816w6g3wkdr5w0000gn/T//cc6AeMLn.o
 .debug_macro   0x00016331       0x22 /var/folders/fk/8fd8f44x551816w6g3wkdr5w0000gn/T//cc6AeMLn.o
 .debug_macro   0x00016353       0x11 /var/folders/fk/8fd8f44x551816w6g3wkdr5w0000gn/T//cc4govN0.o

.debug_line     0x00000000      0x5d3
 .debug_line    0x00000000      0x56e /var/folders/fk/8fd8f44x551816w6g3wkdr5w0000gn/T//cc6AeMLn.o
 .debug_line    0x0000056e       0x65 /var/folders/fk/8fd8f44x551816w6g3wkdr5w0000gn/T//cc4govN0.o

.debug_str      0x00000000    0x7883d
 .debug_str     0x00000000    0x787e0 /var/folders/fk/8fd8f44x551816w6g3wkdr5w0000gn/T//cc6AeMLn.o
                              0x789ec (size before relaxing)
 .debug_str     0x000787e0       0x5d /var/folders/fk/8fd8f44x551816w6g3wkdr5w0000gn/T//cc4govN0.o
                               0x2e6d (size before relaxing)

.comment        0x00000000       0x55
 .comment       0x00000000       0x55 /var/folders/fk/8fd8f44x551816w6g3wkdr5w0000gn/T//cc6AeMLn.o
                                 0x56 (size before relaxing)
 .comment       0x00000055       0x56 /var/folders/fk/8fd8f44x551816w6g3wkdr5w0000gn/T//cc4govN0.o

.ARM.attributes
                0x00000000       0x34
 .ARM.attributes
                0x00000000       0x34 /var/folders/fk/8fd8f44x551816w6g3wkdr5w0000gn/T//cc6AeMLn.o
 .ARM.attributes
                0x00000034       0x34 /var/folders/fk/8fd8f44x551816w6g3wkdr5w0000gn/T//cc4govN0.o
 .ARM.attributes
                0x00000068       0x34 /Applications/ArmGNUToolchain/12.2.mpacbti-rel1/arm-none-eabi/bin/../lib/gcc/arm-none-eabi/12.2.1/../../../../arm-none-eabi/lib/thumb/v7e-m+fp/hard/libc_nano.a(libc_a-memset.o)
 .ARM.attributes
                0x0000009c       0x34 /Applications/ArmGNUToolchain/12.2.mpacbti-rel1/arm-none-eabi/bin/../lib/gcc/arm-none-eabi/12.2.1/../../../../arm-none-eabi/lib/thumb/v7e-m+fp/hard/libc_nano.a(libc_a-memcpy-stub.o)

.debug_frame    0x00000000       0x88
 .debug_frame   0x00000000       0x20 /var/folders/fk/8fd8f44x551816w6g3wkdr5w0000gn/T//cc6AeMLn.o
 .debug_frame   0x00000020       0x20 /var/folders/fk/8fd8f44x551816w6g3wkdr5w0000gn/T//cc4govN0.o
 .debug_frame   0x00000040       0x20 /Applications/ArmGNUToolchain/12.2.mpacbti-rel1/arm-none-eabi/bin/../lib/gcc/arm-none-eabi/12.2.1/../../../../arm-none-eabi/lib/thumb/v7e-m+fp/hard/libc_nano.a(libc_a-memset.o)
 .debug_frame   0x00000060       0x28 /Applications/ArmGNUToolchain/12.2.mpacbti-rel1/arm-none-eabi/bin/../lib/gcc/arm-none-eabi/12.2.1/../../../../arm-none-eabi/lib/thumb/v7e-m+fp/hard/libc_nano.a(libc_a-memcpy-stub.o)
